[2m10:49:14[22m [31m[1m[vite][22m[39m [31mInternal server error: Transform failed with 1 error:

[31m[PARSE_ERROR] [0mInvalid Unicode escape sequence
 -  in src/App.tsx at 1463..1464
[39m
  Plugin: [35mvite:oxc[39m
  File: [36mD:/software-engineering-calculator-assignment/frontend/src/App.tsx[39m
      at transformWithOxc (file:///D:/software-engineering-calculator-assignment/frontend/node_modules/vite/dist/node/chunks/node.js:7581:19)
      at TransformPluginContext.transform (file:///D:/software-engineering-calculator-assignment/frontend/node_modules/vite/dist/node/chunks/node.js:7653:26)
      at EnvironmentPluginContainer.transform (file:///D:/software-engineering-calculator-assignment/frontend/node_modules/vite/dist/node/chunks/node.js:8545:51)
      at async loadAndTransform (file:///D:/software-engineering-calculator-assignment/frontend/node_modules/vite/dist/node/chunks/node.js:19988:26)
      at async viteTransformMiddleware (file:///D:/software-engineering-calculator-assignment/frontend/node_modules/vite/dist/node/chunks/node.js:20207:20)
[2m10:49:14[22m [31m[1m[vite][22m[39m [31m[2m(client)[22m[39m [2m[console.error] [22m[vite] Failed to reload /src/App.tsx. This could be due to syntax errors or importing non-existent modules. (see errors above)
[2m10:51:04[22m [31m[1m[vite][22m[39m [31mInternal server error: Transform failed with 1 error:

[31m[PARSE_ERROR] [0mInvalid Unicode escape sequence
 -  in src/App.tsx at 1508..1509
[39m
  Plugin: [35mvite:oxc[39m
  File: [36mD:/software-engineering-calculator-assignment/frontend/src/App.tsx[39m
      at transformWithOxc (file:///D:/software-engineering-calculator-assignment/frontend/node_modules/vite/dist/node/chunks/node.js:7581:19)
      at TransformPluginContext.transform (file:///D:/software-engineering-calculator-assignment/frontend/node_modules/vite/dist/node/chunks/node.js:7653:26)
      at EnvironmentPluginContainer.transform (file:///D:/software-engineering-calculator-assignment/frontend/node_modules/vite/dist/node/chunks/node.js:8545:51)
      at async loadAndTransform (file:///D:/software-engineering-calculator-assignment/frontend/node_modules/vite/dist/node/chunks/node.js:19988:26)
      at async viteTransformMiddleware (file:///D:/software-engineering-calculator-assignment/frontend/node_modules/vite/dist/node/chunks/node.js:20207:20)
[2m10:51:04[22m [31m[1m[vite][22m[39m [31m[2m(client)[22m[39m [2m[console.error] [22m[vite] Failed to reload /src/App.tsx. This could be due to syntax errors or importing non-existent modules. (see errors above)
